570 mutants generated
baseline: 0 failing checks (excluded from kill criteria)
[85s] #0 internal/state/fixture.go:40 NEG -> KILLED  (killed 1, survived 0)
[168s] #3 internal/state/fixture.go:217 NEG -> KILLED  (killed 2, survived 0)
[168s] #1 internal/state/tables.go:37 NEG -> KILLED  (killed 3, survived 0)
[173s] #2 internal/state/tables.go:62 BOOL -> KILLED  (killed 4, survived 0)
[198s] #7 internal/state/fixture.go:92 NEG -> KILLED  (killed 5, survived 0)
[220s] #4 internal/api/tables.go:27 LOG -> KILLED  (killed 6, survived 0)
[236s] #8 internal/jsonin/jsonin.go:50 NEG -> KILLED  (killed 7, survived 0)
[238s] #10 internal/snapshot/snapshot.go:121 ARI -> INVALID  (killed 7, survived 0)
[280s] #5 internal/api/amend.go:50 NEG -> KILLED  (killed 8, survived 0)
[283s] #6 internal/state/tables.go:37 LOG -> KILLED  (killed 9, survived 0)
[296s] #11 internal/api/auth.go:47 LOG -> KILLED  (killed 10, survived 0)
[336s] #9 internal/state/fixture.go:255 CB -> KILLED  (killed 11, survived 0)
[398s] #12 internal/state/tables.go:47 LOG -> KILLED  (killed 12, survived 0)
[403s] #13 internal/snapshot/snapshot.go:106 NEG -> KILLED  (killed 13, survived 0)
[419s] #14 internal/snapshot/snapshot.go:99 NEG -> KILLED  (killed 14, survived 0)
[451s] #15 internal/state/integrity.go:39 NEG -> KILLED  (killed 15, survived 0)
[510s] #16 internal/state/integrity.go:59 NEG -> KILLED  (killed 16, survived 0)
[511s] #17 internal/snapshot/snapshot.go:129 LOG -> KILLED  (killed 17, survived 0)
[512s] #21 internal/state/fixture.go:331 ARI -> INVALID  (killed 17, survived 0)
[523s] #18 internal/state/reservations.go:49 BOOL -> KILLED  (killed 18, survived 0)
[544s] #22 internal/state/fixture.go:189 NEG -> KILLED  (killed 19, survived 0)
[551s] #20 internal/jsonin/jsonin.go:167 NEG -> KILLED  (killed 20, survived 0)
[553s] #25 internal/localtime/localtime.go:86 ARI -> INVALID  (killed 20, survived 0)
[554s] #19 internal/api/availability.go:100 NEG -> KILLED  (killed 21, survived 0)
[603s] #26 internal/snapshot/snapshot.go:156 LOG -> SURVIVED  (killed 21, survived 1)
[627s] #23 internal/state/integrity.go:111 NEG -> KILLED  (killed 22, survived 1)
[648s] #24 internal/api/moves.go:22 LOG -> KILLED  (killed 23, survived 1)
[655s] #27 internal/localtime/localtime.go:193 ARI -> KILLED  (killed 24, survived 1)
[663s] #29 internal/state/fixture.go:143 NEG -> KILLED  (killed 25, survived 1)
[703s] #30 internal/state/integrity.go:39 LOG -> SURVIVED  (killed 25, survived 2)
[722s] #28 internal/api/moves.go:29 NEG -> KILLED  (killed 26, survived 2)
[801s] #32 internal/api/reservations.go:35 NEG -> KILLED  (killed 27, survived 2)
[809s] #31 internal/api/reservations.go:57 NEG -> KILLED  (killed 28, survived 2)
[866s] #33 internal/api/auth.go:117 NEG -> KILLED  (killed 29, survived 2)
[883s] #34 internal/api/reservations.go:175 NEG -> KILLED  (killed 30, survived 2)
[948s] #35 internal/api/amend.go:138 BOOL -> KILLED  (killed 31, survived 2)
[1018s] #37 internal/api/tables.go:103 NEG -> KILLED  (killed 32, survived 2)
[1041s] #38 internal/api/tables.go:87 NEG -> KILLED  (killed 33, survived 2)
[1103s] #39 internal/state/fixture.go:223 NEG -> KILLED  (killed 34, survived 2)
[1108s] #41 internal/state/integrity.go:39 LOG -> SURVIVED  (killed 34, survived 3)
[1157s] #40 internal/api/restaurants.go:32 NEG -> KILLED  (killed 35, survived 3)
[1177s] #44 internal/api/respond.go:31 NEG -> KILLED  (killed 36, survived 3)
[1213s] #42 internal/state/fixture.go:226 NEG -> KILLED  (killed 37, survived 3)
[1217s] #43 internal/api/amend.go:87 NEG -> KILLED  (killed 38, survived 3)
[1278s] #45 internal/localtime/localtime.go:167 INV -> KILLED  (killed 39, survived 3)
