472 mutants generated
baseline: 0 failing checks (excluded from kill criteria)
[40s] #2 internal/state/fixture.go:214 LOG -> KILLED  (killed 1, survived 0)
[47s] #1 internal/state/fixture.go:182 NEG -> KILLED  (killed 2, survived 0)
[47s] #3 internal/state/fixture.go:139 NEG -> KILLED  (killed 3, survived 0)
[84s] #0 internal/state/integrity.go:97 LOG -> KILLED  (killed 4, survived 0)
[98s] #7 internal/state/fixture.go:215 INV -> KILLED  (killed 5, survived 0)
[99s] #4 internal/snapshot/snapshot.go:114 NEG -> KILLED  (killed 6, survived 0)
[99s] #8 internal/localtime/localtime.go:86 ARI -> INVALID  (killed 6, survived 0)
[105s] #5 internal/snapshot/snapshot.go:87 NEG -> KILLED  (killed 7, survived 0)
[107s] #6 internal/api/auth.go:65 LOG -> KILLED  (killed 8, survived 0)
[107s] #11 internal/jsonin/jsonin.go:73 ARI -> INVALID  (killed 8, survived 0)
[109s] #12 internal/api/reservations.go:63 ARI -> INVALID  (killed 8, survived 0)
[111s] #14 internal/state/fixture.go:171 ARI -> INVALID  (killed 8, survived 0)
[121s] #10 internal/api/testctl.go:18 NEG -> KILLED  (killed 9, survived 0)
[160s] #9 internal/localtime/localtime.go:58 INV -> KILLED  (killed 10, survived 0)
[168s] #13 internal/state/fixture.go:235 NEG -> KILLED  (killed 11, survived 0)
[169s] #18 internal/snapshot/snapshot.go:88 ARI -> INVALID  (killed 11, survived 0)
[174s] #15 internal/api/reservations.go:98 CB -> KILLED  (killed 12, survived 0)
[183s] #19 internal/state/fixture.go:259 NEG -> KILLED  (killed 13, survived 0)
[186s] #16 internal/api/reservations.go:67 INV -> KILLED  (killed 14, survived 0)
[189s] #17 internal/api/reservations.go:136 INV -> SURVIVED  (killed 14, survived 1)
[202s] #21 internal/state/fixture.go:161 NEG -> KILLED  (killed 15, survived 1)
[215s] #23 internal/state/integrity.go:68 LOG -> SURVIVED  (killed 15, survived 2)
[228s] #20 internal/api/idempotency.go:33 CB -> KILLED  (killed 16, survived 2)
[237s] #22 internal/state/integrity.go:88 NEG -> KILLED  (killed 17, survived 2)
[250s] #27 internal/state/fixture.go:121 NEG -> KILLED  (killed 18, survived 2)
[252s] #28 internal/jsonin/jsonin.go:95 ARI -> INVALID  (killed 18, survived 2)
[255s] #24 internal/state/fixture.go:215 LOG -> KILLED  (killed 19, survived 2)
[271s] #30 internal/state/fixture.go:151 NEG -> KILLED  (killed 20, survived 2)
[280s] #26 internal/state/integrity.go:80 NEG -> KILLED  (killed 21, survived 2)
[281s] #25 internal/api/respond.go:59 INV -> KILLED  (killed 22, survived 2)
[304s] #29 internal/state/integrity.go:61 NEG -> KILLED  (killed 23, survived 2)
[322s] #31 internal/snapshot/snapshot.go:148 NEG -> KILLED  (killed 24, survived 2)
[330s] #34 internal/state/integrity.go:33 LOG -> SURVIVED  (killed 24, survived 3)
[332s] #32 internal/localtime/localtime.go:193 ARI -> KILLED  (killed 25, survived 3)
[332s] #33 internal/snapshot/snapshot.go:114 INV -> KILLED  (killed 26, survived 3)
[357s] #36 internal/state/integrity.go:30 LOG -> SURVIVED  (killed 26, survived 4)
[376s] #35 internal/state/integrity.go:33 NEG -> KILLED  (killed 27, survived 4)
[386s] #38 internal/api/availability.go:125 BOOL -> KILLED  (killed 28, survived 4)
[389s] #37 internal/api/availability.go:44 NEG -> KILLED  (killed 29, survived 4)
[408s] #39 internal/state/integrity.go:65 NEG -> KILLED  (killed 30, survived 4)
[412s] #41 internal/api/server.go:77 NEG -> SURVIVED  (killed 30, survived 5)
[421s] #43 internal/state/fixture.go:102 NEG -> KILLED  (killed 31, survived 5)
[429s] #40 internal/api/amend.go:37 NEG -> KILLED  (killed 32, survived 5)
[438s] #44 internal/localtime/localtime.go:262 CB -> SURVIVED  (killed 32, survived 6)
[442s] #42 internal/state/reservations.go:42 BOOL -> KILLED  (killed 33, survived 6)
[448s] #45 internal/state/integrity.go:49 NEG -> SURVIVED  (killed 33, survived 7)
[483s] #46 internal/localtime/localtime.go:233 ARI -> KILLED  (killed 34, survived 7)
[492s] #47 internal/state/integrity.go:105 INV -> KILLED  (killed 35, survived 7)
[496s] #48 internal/api/amend.go:94 NEG -> KILLED  (killed 36, survived 7)
[504s] #49 internal/api/amend.go:73 NEG -> KILLED  (killed 37, survived 7)
[523s] #52 internal/state/integrity.go:97 NEG -> SURVIVED  (killed 37, survived 8)
[531s] #53 internal/state/integrity.go:30 CB -> SURVIVED  (killed 37, survived 9)
[537s] #50 internal/state/fixture.go:259 LOG -> KILLED  (killed 38, survived 9)
[548s] #51 internal/api/reservations.go:229 NEG -> KILLED  (killed 39, survived 9)
[551s] #54 internal/snapshot/snapshot.go:133 CB -> SURVIVED  (killed 39, survived 10)
[574s] #58 internal/state/fixture.go:154 NEG -> KILLED  (killed 40, survived 10)
[598s] #56 internal/state/integrity.go:61 NEG -> KILLED  (killed 41, survived 10)
[612s] #57 internal/snapshot/snapshot.go:151 NEG -> KILLED  (killed 42, survived 10)
[637s] #59 internal/state/fixture.go:262 LOG -> KILLED  (killed 43, survived 10)
[661s] #60 internal/api/availability.go:88 NEG -> KILLED  (killed 44, survived 10)
[674s] #61 internal/api/reservations.go:127 NEG -> KILLED  (killed 45, survived 10)
[693s] #63 internal/snapshot/snapshot.go:131 NEG -> SURVIVED  (killed 45, survived 11)
[703s] #62 internal/api/amend.go:37 LOG -> KILLED  (killed 46, survived 11)
[735s] #64 internal/api/availability.go:121 NEG -> KILLED  (killed 47, survived 11)
[760s] #65 internal/api/reservations.go:83 NEG -> KILLED  (killed 48, survived 11)
[766s] #66 internal/api/reservations.go:91 NEG -> KILLED  (killed 49, survived 11)
[787s] #69 internal/state/fixture.go:191 NEG -> KILLED  (killed 50, survived 11)
[807s] #67 internal/api/amend.go:100 LOG -> KILLED  (killed 51, survived 11)
[835s] #68 internal/state/fixture.go:247 NEG -> KILLED  (killed 52, survived 11)
[840s] #71 internal/localtime/localtime.go:216 LOG -> SURVIVED  (killed 52, survived 12)
[858s] #70 internal/snapshot/snapshot.go:151 LOG -> KILLED  (killed 53, survived 12)
[862s] #74 internal/state/accounts.go:34 ARI -> INVALID  (killed 53, survived 12)
[864s] #75 internal/state/reservations.go:60 ARI -> INVALID  (killed 53, survived 12)
[901s] #72 internal/api/reservations.go:215 NEG -> KILLED  (killed 54, survived 12)
[904s] #73 internal/state/integrity.go:39 NEG -> KILLED  (killed 55, survived 12)
[923s] #76 internal/api/moves.go:22 CB -> KILLED  (killed 56, survived 12)
[960s] #78 internal/localtime/localtime.go:237 LOG -> KILLED  (killed 57, survived 12)
[963s] #77 internal/api/reservations.go:158 NEG -> KILLED  (killed 58, survived 12)
[980s] #79 internal/state/reservations.go:35 NEG -> KILLED  (killed 59, survived 12)
[992s] #81 internal/localtime/localtime.go:119 INV -> SURVIVED  (killed 59, survived 13)
[1007s] #82 internal/state/integrity.go:105 CB -> SURVIVED  (killed 59, survived 14)
[1018s] #80 internal/snapshot/snapshot.go:73 NEG -> KILLED  (killed 60, survived 14)
[1034s] #85 internal/jsonin/jsonin.go:82 NEG -> KILLED  (killed 61, survived 14)
[1049s] #83 internal/api/moves.go:69 NEG -> KILLED  (killed 62, survived 14)
[1053s] #86 internal/api/server.go:53 NEG -> KILLED  (killed 63, survived 14)
[1066s] #84 internal/state/fixture.go:241 NEG -> KILLED  (killed 64, survived 14)
[1077s] #87 internal/state/integrity.go:59 LOG -> SURVIVED  (killed 64, survived 15)
[1113s] #88 internal/api/availability.go:97 LOG -> KILLED  (killed 65, survived 15)
[1129s] #89 internal/api/amend.go:51 LOG -> KILLED  (killed 66, survived 15)
[1143s] #90 internal/api/moves.go:54 NEG -> KILLED  (killed 67, survived 15)
[1144s] #91 internal/snapshot/snapshot.go:131 NEG -> SURVIVED  (killed 67, survived 16)
[1148s] #92 internal/jsonin/jsonin.go:111 NEG -> KILLED  (killed 68, survived 16)
[1150s] #95 internal/state/fixture.go:192 ARI -> INVALID  (killed 68, survived 16)
[1151s] #96 internal/state/reservations.go:60 ARI -> INVALID  (killed 68, survived 16)
[1160s] #94 internal/state/fixture.go:95 NEG -> KILLED  (killed 69, survived 16)
[1172s] #97 internal/state/fixture.go:136 NEG -> KILLED  (killed 70, survived 16)
[1203s] #93 internal/snapshot/snapshot.go:57 LOG -> KILLED  (killed 71, survived 16)
[1210s] #98 internal/state/model.go:102 NEG -> KILLED  (killed 72, survived 16)
[1227s] #99 internal/api/auth.go:65 LOG -> KILLED  (killed 73, survived 16)
[1498s] #55 internal/state/reservations.go:23 NEG -> KILLED  (killed 74, survived 16)
{
 "tool": "mutate.py (textual Go mutants, HTTP killers)",
 "seed": 1,
 "generated": 472,
 "evaluated": 100,
 "killed": 74,
 "survived": 16,
 "invalid": 10,
 "kill_rate": 0.822,
 "elapsed_s": 1498,
 "baseline_failing": [],
 "killers": [
  "audit.py",
  "oracle pytest"
 ]
}
